backend: local, 3 run(s) per task, kernel args agentware.pad-history=16384 agentware.pad-style=answers

calculator: the calculator computed 12 + 34 = 46 and the reply says so
    kept /tmp/tasksuite-b06lfm7m
  1/3 pass       41.6s    9 exchanges    6 actions  out   382  first in 20174  | 12 + 34 = 46
    kept /tmp/tasksuite-tuseegtc
  2/3 pass       20.0s    9 exchanges    6 actions  out   382  first in 20174  | 12 + 34 = 46
    kept /tmp/tasksuite-qft38br1
  3/3 pass       20.1s    9 exchanges    6 actions  out   387  first in 20174  | The result of 12 + 34 is 46.

open-and-edit: quarter.csv has 500 in D4 and the rest of the sheet intact
    kept /tmp/tasksuite-ktu1zyuy
  1/3 pass       22.3s   10 exchanges    7 actions  out   463  first in 20183  | I've opened quarter.csv, put 500 into cell D4, and saved the
    kept /tmp/tasksuite-5fb23via
  2/3 pass       22.4s   10 exchanges    7 actions  out   464  first in 20183  | Done. I opened quarter.csv, set cell D4 to 500, and saved th
    kept /tmp/tasksuite-7_1hcqis
  3/3 pass       22.6s   10 exchanges    7 actions  out   471  first in 20183  | I've opened quarter.csv, put 500 into cell D4, and saved the

new-sheet: greeting.csv exists with Hello in A1
    kept /tmp/tasksuite-joer0jrn
  1/3 pass       24.9s    8 exchanges    5 actions  out   374  first in 20185  | The spreadsheet has been created with "Hello" in cell A1 and
    kept /tmp/tasksuite-uy5zr6kj
  2/3 pass       23.3s    8 exchanges    5 actions  out   374  first in 20185  | The spreadsheet has been created with "Hello" in cell A1 and
    kept /tmp/tasksuite-9cdznj99
  3/3 pass       23.3s    8 exchanges    5 actions  out   374  first in 20185  | The spreadsheet has been created with "Hello" in cell A1 and

write-text: reminder.txt exists and holds the sentence
    kept /tmp/tasksuite-hqojgt3c
  1/3 pass       23.3s    9 exchanges    6 actions  out   419  first in 20179  | The file `reminder.txt` has been saved to `/home/reminder.tx
    kept /tmp/tasksuite-gsq22tg_
  2/3 pass       24.7s   10 exchanges    7 actions  out   476  first in 20179  | The file `reminder.txt` has been created in the home folder 
    kept /tmp/tasksuite-mf7ubstc
  3/3 pass       24.7s   10 exchanges    7 actions  out   472  first in 20179  | The file `reminder.txt` has been created in the home folder 

find-app: the calculator computed 144 / 12 = 12, the agent having found it itself
    kept /tmp/tasksuite-gw28n3uy
  1/3 pass       19.7s    9 exchanges    7 actions  out   414  first in 20186  | 144 divided by 12 is 12.
    kept /tmp/tasksuite-cop8y70j
  2/3 pass       22.2s   10 exchanges    7 actions  out   439  first in 20186  | 144 divided by 12 is 12.
    kept /tmp/tasksuite-s7ccp230
  3/3 pass       20.2s    9 exchanges    7 actions  out   442  first in 20186  | 144 divided by 12 is 12.

traverse: a file the run saved under /home names every text file on the machine, each with its folder
    kept /tmp/tasksuite-4r2wt7i4
  1/3 pass      270.1s   69 exchanges   65 actions  out  5260  first in 20196  | The spreadsheet has been created and saved as `/home/textfil
    kept /tmp/tasksuite-zzismca6
  2/3 pass      316.8s   80 exchanges   76 actions  out  6247  first in 20196  | The spreadsheet has been created and saved to `/home/sheet.c
    kept /tmp/tasksuite-km_ipi1w
  3/3 FAIL      130.5s   31 exchanges   27 actions  out  2204  first in 20196  | The spreadsheet has been saved to `/home/sheet.csv` with the

==============================================================================
task                  pass   median s  exchanges  actions  out tok
------------------------------------------------------------------------------
calculator      3/3             20.1          9        6      382
open-and-edit   3/3             22.4         10        7      464
new-sheet       3/3             23.3          8        5      374
write-text      3/3             24.7         10        7      472
find-app        3/3             20.2          9        7      439
traverse        2/3            270.1         69       65     5260
------------------------------------------------------------------------------
overall         17/18

wrote docs/results/2026-09-12/moe-pad-16384-answers.json
